# Bake Begins!
### (1 of 6) Copy sources
$ cp -a /home/travis/build/fontdirectory/librebaskerville/METADATA.json /home/travis/build/fontdirectory/librebaskerville/builds/build
$ cp -a /home/travis/build/fontdirectory/librebaskerville/DESCRIPTION.en_us.html /home/travis/build/fontdirectory/librebaskerville/builds/build
$ cp -a /home/travis/build/fontdirectory/librebaskerville/FONTLOG.txt /home/travis/build/fontdirectory/librebaskerville/builds/build
$ cp -a LibreBaskerville-Regular.ttf.ttx LibreBaskerville-Italic.ttf.ttx LibreBaskerville-Bold.ttf.ttx src/LibreBaskerville-Bold.otf.ttx src/LibreBaskerville-Italic.otf.ttx src/LibreBaskerville-Regular.otf.ttx LibreBaskerville-Regular.ttf._m_a_x_p.ttx LibreBaskerville-Regular.ttf._c_v_t.ttx LibreBaskerville-Regular.ttf.G_P_O_S_.ttx LibreBaskerville-Regular.ttf._p_r_e_p.ttx LibreBaskerville-Regular.ttf._c_m_a_p.ttx LibreBaskerville-Regular.ttf._p_o_s_t.ttx LibreBaskerville-Regular.ttf._h_m_t_x.ttx LibreBaskerville-Regular.ttf.GlyphOrder.ttx LibreBaskerville-Regular.ttf.G_S_U_B_.ttx LibreBaskerville-Regular.ttf._h_e_a_d.ttx LibreBaskerville-Regular.ttf._g_a_s_p.ttx LibreBaskerville-Regular.ttf._l_o_c_a.ttx LibreBaskerville-Regular.ttf._g_l_y_f.ttx LibreBaskerville-Regular.ttf.O_S_2f_2.ttx LibreBaskerville-Regular.ttf._f_p_g_m.ttx LibreBaskerville-Regular.ttf._n_a_m_e.ttx LibreBaskerville-Regular.ttf._h_h_e_a.ttx LibreBaskerville-Italic.ttf._c_v_t.ttx LibreBaskerville-Italic.ttf._c_m_a_p.ttx LibreBaskerville-Italic.ttf._g_a_s_p.ttx LibreBaskerville-Italic.ttf._p_o_s_t.ttx LibreBaskerville-Italic.ttf._n_a_m_e.ttx LibreBaskerville-Italic.ttf.G_P_O_S_.ttx LibreBaskerville-Italic.ttf._h_h_e_a.ttx LibreBaskerville-Italic.ttf._g_l_y_f.ttx LibreBaskerville-Italic.ttf._f_p_g_m.ttx LibreBaskerville-Italic.ttf._m_a_x_p.ttx LibreBaskerville-Italic.ttf._h_m_t_x.ttx LibreBaskerville-Italic.ttf.O_S_2f_2.ttx LibreBaskerville-Italic.ttf._p_r_e_p.ttx LibreBaskerville-Italic.ttf.GlyphOrder.ttx LibreBaskerville-Italic.ttf._h_e_a_d.ttx LibreBaskerville-Italic.ttf.G_S_U_B_.ttx LibreBaskerville-Italic.ttf._l_o_c_a.ttx LibreBaskerville-Bold.ttf._l_o_c_a.ttx LibreBaskerville-Bold.ttf._p_r_e_p.ttx LibreBaskerville-Bold.ttf.G_P_O_S_.ttx LibreBaskerville-Bold.ttf._p_o_s_t.ttx LibreBaskerville-Bold.ttf.O_S_2f_2.ttx LibreBaskerville-Bold.ttf._c_v_t.ttx LibreBaskerville-Bold.ttf._f_p_g_m.ttx LibreBaskerville-Bold.ttf._n_a_m_e.ttx LibreBaskerville-Bold.ttf._h_m_t_x.ttx LibreBaskerville-Bold.ttf.GlyphOrder.ttx LibreBaskerville-Bold.ttf._m_a_x_p.ttx LibreBaskerville-Bold.ttf._h_h_e_a.ttx LibreBaskerville-Bold.ttf.G_S_U_B_.ttx LibreBaskerville-Bold.ttf._h_e_a_d.ttx LibreBaskerville-Bold.ttf._g_a_s_p.ttx LibreBaskerville-Bold.ttf._c_m_a_p.ttx LibreBaskerville-Bold.ttf._g_l_y_f.ttx src/LibreBaskerville-Bold.otf.G_P_O_S_.ttx src/LibreBaskerville-Bold.otf._p_o_s_t.ttx src/LibreBaskerville-Bold.otf.C_F_F_.ttx src/LibreBaskerville-Bold.otf._h_e_a_d.ttx src/LibreBaskerville-Bold.otf._m_a_x_p.ttx src/LibreBaskerville-Bold.otf._h_h_e_a.ttx src/LibreBaskerville-Bold.otf._n_a_m_e.ttx src/LibreBaskerville-Bold.otf.GlyphOrder.ttx src/LibreBaskerville-Bold.otf._h_m_t_x.ttx src/LibreBaskerville-Bold.otf.G_S_U_B_.ttx src/LibreBaskerville-Bold.otf._c_m_a_p.ttx src/LibreBaskerville-Bold.otf.O_S_2f_2.ttx src/LibreBaskerville-Italic.otf.GlyphOrder.ttx src/LibreBaskerville-Italic.otf._h_m_t_x.ttx src/LibreBaskerville-Italic.otf.C_F_F_.ttx src/LibreBaskerville-Italic.otf._c_m_a_p.ttx src/LibreBaskerville-Italic.otf.O_S_2f_2.ttx src/LibreBaskerville-Italic.otf._p_o_s_t.ttx src/LibreBaskerville-Italic.otf.G_S_U_B_.ttx src/LibreBaskerville-Italic.otf._h_h_e_a.ttx src/LibreBaskerville-Italic.otf._n_a_m_e.ttx src/LibreBaskerville-Italic.otf._m_a_x_p.ttx src/LibreBaskerville-Italic.otf.G_P_O_S_.ttx src/LibreBaskerville-Italic.otf._h_e_a_d.ttx src/LibreBaskerville-Regular.otf.O_S_2f_2.ttx src/LibreBaskerville-Regular.otf.G_S_U_B_.ttx src/LibreBaskerville-Regular.otf._h_e_a_d.ttx src/LibreBaskerville-Regular.otf.C_F_F_.ttx src/LibreBaskerville-Regular.otf._h_h_e_a.ttx src/LibreBaskerville-Regular.otf._c_m_a_p.ttx src/LibreBaskerville-Regular.otf._m_a_x_p.ttx src/LibreBaskerville-Regular.otf.GlyphOrder.ttx src/LibreBaskerville-Regular.otf._h_m_t_x.ttx src/LibreBaskerville-Regular.otf.G_P_O_S_.ttx src/LibreBaskerville-Regular.otf._p_o_s_t.ttx src/LibreBaskerville-Regular.otf._n_a_m_e.ttx /home/travis/build/fontdirectory/librebaskerville/builds/build/sources
### (2 of 6) pyfontaine
### (3 of 6) Run upstream tests
$ fontbakery-check.py upstream-repo sources
bakery_lint.tests.upstream.test_diacritic.TestDiacritic.test_diacritic_made_as_component(): OK
$ fontaine --collections subsets --text /home/travis/build/fontdirectory/librebaskerville/builds/build/sources/LibreBaskerville-Bold.otf.ttx /home/travis/build/fontdirectory/librebaskerville/builds/build/sources/LibreBaskerville-Italic.otf.ttx /home/travis/build/fontdirectory/librebaskerville/builds/build/sources/LibreBaskerville-Regular.otf.ttx /home/travis/build/fontdirectory/librebaskerville/builds/build/sources/LibreBaskerville-Regular.ttf.ttx /home/travis/build/fontdirectory/librebaskerville/builds/build/sources/LibreBaskerville-Italic.ttf.ttx /home/travis/build/fontdirectory/librebaskerville/builds/build/sources/LibreBaskerville-Bold.ttf.ttx > fontaine.txt
bakery_lint.tests.upstream.test_diacritic.TestDiacritic.test_diacritic_made_as_mark_to_mark(): OK
WARNING: Please install [PyICU](https://pypi.python.org/pypi/PyICU) toenable [feature], perhaps with: pip install pyicu
bakery_lint.tests.upstream.test_diacritic.TestDiacritic.test_diacritic_made_as_own_glyphs(): OK
end of pyfontaine process
bakery_lint.tests.upstream.test_prepolation.FontTestPrepolation.test_font_prepolation_glyph_contours(): OK
bakery_lint.tests.upstream.test_prepolation.FontTestPrepolation.test_font_prepolation_glyph_points(): OK
bakery_lint.tests.upstream.test_prepolation.FontTestPrepolation.test_font_test_prepolation_glyph_names(): OK
bakery_lint.tests.upstream.test_check_upstream_sources.ProjectUpstreamTestCase.test_bakery_yaml_exists(): OK
bakery_lint.tests.upstream.test_check_upstream_sources.ProjectUpstreamTestCase.test_copyright_notices_same_across_family(): OK
bakery_lint.tests.upstream.test_check_upstream_sources.ProjectUpstreamTestCase.test_description_html_exists(): OK
bakery_lint.tests.upstream.test_check_upstream_sources.ProjectUpstreamTestCase.test_fontlog_txt_exists(): OK
bakery_lint.tests.upstream.test_check_upstream_sources.ProjectUpstreamTestCase.test_metadata_json_exists(): OK
$ fontbakery-check.py upstream-ttx LibreBaskerville-Bold.otf.ttx
bakery_lint.tests.upstream.test_check_ttx_requirements.SourceTTXTest.test_epar_in_keys(): FAIL
bakery_lint.tests.upstream.test_check_ttx_requirements.SourceTTXTest.test_os2_in_keys(): OK
bakery_lint.tests.upstream.test_check_ttx_requirements.SourceTTXTest.test_ttx_doesnt_contain_duplicate_glyphs(): OK
bakery_lint.tests.upstream.test_check_ttx_fontfamily_recommendations.TTX_FontFamilyNamingTest.test_ttx_family_naming_recommendation(): OK
bakery_lint.tests.upstream.test_font_filename_eq_familystyle.TestTTFSourceFontFileNameEqualsFamilyStyle.test_source_ttf_font_filename_equals_familystyle(): FAIL
$ mv /home/travis/build/fontdirectory/librebaskerville/builds/build/sources/LibreBaskerville-Bold.otf.ttx /home/travis/build/fontdirectory/librebaskerville/builds/build/sources/LibreBaskerville-Bold.ttx
bakery_lint.tests.upstream.test_font_filename_eq_familystyle.TestTTFSourceFontFileNameEqualsFamilyStyle.test_source_ttf_font_filename_equals_familystyle(): OK
bakery_lint.tests.upstream.test_glyphname_does_not_contain_disallowed_chars.TestGlyphNameDoesNotContainsDisallowedChars.test_glyphname_does_not_contain_disallowed_chars(): OK
$ fontbakery-check.py upstream-ttx LibreBaskerville-Italic.otf.ttx
bakery_lint.tests.upstream.test_check_ttx_requirements.SourceTTXTest.test_epar_in_keys(): FAIL
bakery_lint.tests.upstream.test_check_ttx_requirements.SourceTTXTest.test_os2_in_keys(): OK
bakery_lint.tests.upstream.test_check_ttx_requirements.SourceTTXTest.test_ttx_doesnt_contain_duplicate_glyphs(): OK
bakery_lint.tests.upstream.test_check_ttx_fontfamily_recommendations.TTX_FontFamilyNamingTest.test_ttx_family_naming_recommendation(): OK
bakery_lint.tests.upstream.test_font_filename_eq_familystyle.TestTTFSourceFontFileNameEqualsFamilyStyle.test_source_ttf_font_filename_equals_familystyle(): FAIL
$ mv /home/travis/build/fontdirectory/librebaskerville/builds/build/sources/LibreBaskerville-Italic.otf.ttx /home/travis/build/fontdirectory/librebaskerville/builds/build/sources/LibreBaskerville-Italic.ttx
bakery_lint.tests.upstream.test_font_filename_eq_familystyle.TestTTFSourceFontFileNameEqualsFamilyStyle.test_source_ttf_font_filename_equals_familystyle(): OK
bakery_lint.tests.upstream.test_glyphname_does_not_contain_disallowed_chars.TestGlyphNameDoesNotContainsDisallowedChars.test_glyphname_does_not_contain_disallowed_chars(): OK
$ fontbakery-check.py upstream-ttx LibreBaskerville-Regular.otf.ttx
bakery_lint.tests.upstream.test_check_ttx_requirements.SourceTTXTest.test_epar_in_keys(): FAIL
bakery_lint.tests.upstream.test_check_ttx_requirements.SourceTTXTest.test_os2_in_keys(): OK
bakery_lint.tests.upstream.test_check_ttx_requirements.SourceTTXTest.test_ttx_doesnt_contain_duplicate_glyphs(): OK
bakery_lint.tests.upstream.test_check_ttx_fontfamily_recommendations.TTX_FontFamilyNamingTest.test_ttx_family_naming_recommendation(): OK
bakery_lint.tests.upstream.test_font_filename_eq_familystyle.TestTTFSourceFontFileNameEqualsFamilyStyle.test_source_ttf_font_filename_equals_familystyle(): FAIL
$ mv /home/travis/build/fontdirectory/librebaskerville/builds/build/sources/LibreBaskerville-Regular.otf.ttx /home/travis/build/fontdirectory/librebaskerville/builds/build/sources/LibreBaskerville-Regular.ttx
bakery_lint.tests.upstream.test_font_filename_eq_familystyle.TestTTFSourceFontFileNameEqualsFamilyStyle.test_source_ttf_font_filename_equals_familystyle(): OK
bakery_lint.tests.upstream.test_glyphname_does_not_contain_disallowed_chars.TestGlyphNameDoesNotContainsDisallowedChars.test_glyphname_does_not_contain_disallowed_chars(): OK
$ fontbakery-check.py upstream-ttx LibreBaskerville-Regular.ttf.ttx
bakery_lint.tests.upstream.test_check_ttx_requirements.SourceTTXTest.test_epar_in_keys(): FAIL
bakery_lint.tests.upstream.test_check_ttx_requirements.SourceTTXTest.test_os2_in_keys(): OK
bakery_lint.tests.upstream.test_check_ttx_requirements.SourceTTXTest.test_ttx_doesnt_contain_duplicate_glyphs(): OK
bakery_lint.tests.upstream.test_check_ttx_fontfamily_recommendations.TTX_FontFamilyNamingTest.test_ttx_family_naming_recommendation(): OK
bakery_lint.tests.upstream.test_font_filename_eq_familystyle.TestTTFSourceFontFileNameEqualsFamilyStyle.test_source_ttf_font_filename_equals_familystyle(): FAIL
$ mv /home/travis/build/fontdirectory/librebaskerville/builds/build/sources/LibreBaskerville-Regular.ttf.ttx /home/travis/build/fontdirectory/librebaskerville/builds/build/sources/LibreBaskerville-Regular.ttx
bakery_lint.tests.upstream.test_font_filename_eq_familystyle.TestTTFSourceFontFileNameEqualsFamilyStyle.test_source_ttf_font_filename_equals_familystyle(): OK
bakery_lint.tests.upstream.test_glyphname_does_not_contain_disallowed_chars.TestGlyphNameDoesNotContainsDisallowedChars.test_glyphname_does_not_contain_disallowed_chars(): OK
$ fontbakery-check.py upstream-ttx LibreBaskerville-Italic.ttf.ttx
bakery_lint.tests.upstream.test_check_ttx_requirements.SourceTTXTest.test_epar_in_keys(): FAIL
bakery_lint.tests.upstream.test_check_ttx_requirements.SourceTTXTest.test_os2_in_keys(): OK
bakery_lint.tests.upstream.test_check_ttx_requirements.SourceTTXTest.test_ttx_doesnt_contain_duplicate_glyphs(): OK
bakery_lint.tests.upstream.test_check_ttx_fontfamily_recommendations.TTX_FontFamilyNamingTest.test_ttx_family_naming_recommendation(): OK
bakery_lint.tests.upstream.test_font_filename_eq_familystyle.TestTTFSourceFontFileNameEqualsFamilyStyle.test_source_ttf_font_filename_equals_familystyle(): FAIL
$ mv /home/travis/build/fontdirectory/librebaskerville/builds/build/sources/LibreBaskerville-Italic.ttf.ttx /home/travis/build/fontdirectory/librebaskerville/builds/build/sources/LibreBaskerville-Italic.ttx
bakery_lint.tests.upstream.test_font_filename_eq_familystyle.TestTTFSourceFontFileNameEqualsFamilyStyle.test_source_ttf_font_filename_equals_familystyle(): OK
bakery_lint.tests.upstream.test_glyphname_does_not_contain_disallowed_chars.TestGlyphNameDoesNotContainsDisallowedChars.test_glyphname_does_not_contain_disallowed_chars(): OK
$ fontbakery-check.py upstream-ttx LibreBaskerville-Bold.ttf.ttx
bakery_lint.tests.upstream.test_check_ttx_requirements.SourceTTXTest.test_epar_in_keys(): FAIL
bakery_lint.tests.upstream.test_check_ttx_requirements.SourceTTXTest.test_os2_in_keys(): OK
bakery_lint.tests.upstream.test_check_ttx_requirements.SourceTTXTest.test_ttx_doesnt_contain_duplicate_glyphs(): OK
bakery_lint.tests.upstream.test_check_ttx_fontfamily_recommendations.TTX_FontFamilyNamingTest.test_ttx_family_naming_recommendation(): OK
bakery_lint.tests.upstream.test_font_filename_eq_familystyle.TestTTFSourceFontFileNameEqualsFamilyStyle.test_source_ttf_font_filename_equals_familystyle(): FAIL
$ mv /home/travis/build/fontdirectory/librebaskerville/builds/build/sources/LibreBaskerville-Bold.ttf.ttx /home/travis/build/fontdirectory/librebaskerville/builds/build/sources/LibreBaskerville-Bold.ttx
bakery_lint.tests.upstream.test_font_filename_eq_familystyle.TestTTFSourceFontFileNameEqualsFamilyStyle.test_source_ttf_font_filename_equals_familystyle(): OK
bakery_lint.tests.upstream.test_glyphname_does_not_contain_disallowed_chars.TestGlyphNameDoesNotContainsDisallowedChars.test_glyphname_does_not_contain_disallowed_chars(): OK
### (4 of 6) Convert sources to TTF
$ ttx -d /home/travis/build/fontdirectory/librebaskerville/builds/build /home/travis/build/fontdirectory/librebaskerville/builds/build/sources/LibreBaskerville-Bold.ttx /home/travis/build/fontdirectory/librebaskerville/builds/build/sources/LibreBaskerville-Italic.ttx /home/travis/build/fontdirectory/librebaskerville/builds/build/sources/LibreBaskerville-Regular.ttx
Compiling "/home/travis/build/fontdirectory/librebaskerville/builds/build/sources/LibreBaskerville-Bold.ttx" to "/home/travis/build/fontdirectory/librebaskerville/builds/build/LibreBaskerville-Bold.ttf"...
Parsing 'GlyphOrder' table...
Parsing 'head' table...
Parsing 'hhea' table...
Parsing 'maxp' table...
Parsing 'OS/2' table...
Parsing 'hmtx' table...
Parsing 'cmap' table...
Parsing 'fpgm' table...
Parsing 'prep' table...
Parsing 'cvt ' table...
Parsing 'loca' table...
Parsing 'glyf' table...
Parsing 'name' table...
Parsing 'post' table...
Parsing 'gasp' table...
Parsing 'GPOS' table...
Parsing 'GSUB' table...
Compiling "/home/travis/build/fontdirectory/librebaskerville/builds/build/sources/LibreBaskerville-Italic.ttx" to "/home/travis/build/fontdirectory/librebaskerville/builds/build/LibreBaskerville-Italic.ttf"...
Parsing 'GlyphOrder' table...
Parsing 'head' table...
Parsing 'hhea' table...
Parsing 'maxp' table...
Parsing 'OS/2' table...
Parsing 'hmtx' table...
Parsing 'cmap' table...
Parsing 'fpgm' table...
Parsing 'prep' table...
Parsing 'cvt ' table...
Parsing 'loca' table...
Parsing 'glyf' table...
Parsing 'name' table...
Parsing 'post' table...
Parsing 'gasp' table...
Parsing 'GPOS' table...
Parsing 'GSUB' table...
Compiling "/home/travis/build/fontdirectory/librebaskerville/builds/build/sources/LibreBaskerville-Regular.ttx" to "/home/travis/build/fontdirectory/librebaskerville/builds/build/LibreBaskerville-Regular.ttf"...
Parsing 'GlyphOrder' table...
Parsing 'head' table...
Parsing 'hhea' table...
Parsing 'maxp' table...
Parsing 'OS/2' table...
Parsing 'hmtx' table...
Parsing 'cmap' table...
Parsing 'fpgm' table...
Parsing 'prep' table...
Parsing 'cvt ' table...
Parsing 'loca' table...
Parsing 'glyf' table...
Parsing 'name' table...
Parsing 'post' table...
Parsing 'gasp' table...
Parsing 'GPOS' table...
Parsing 'GSUB' table...
### Test LibreBaskerville-Bold.ttf
$ fontbakery-check.py result LibreBaskerville-Bold.ttf
bakery_lint.tests.downstream.test_check_unused_glyph_data.CheckUnusedGlyphData.test_check_unused_glyph_data(): ERROR
bakery_lint.tests.downstream.test_check_full_font_name_begins_with_family_name.CheckFullFontNameBeginsWithFamilyName.test_check_full_font_name_begins_with_family_name(): OK
bakery_lint.tests.downstream.test_check_no_problematic_formats.CheckNoProblematicFormats.test_check_no_problematic_formats(): OK
bakery_lint.tests.downstream.test_check_font_tables.CheckFontHasDsigTable.test_check_font_has_dsig_table(): FAIL
$ fontbakery-fix-dsig.py /home/travis/build/fontdirectory/librebaskerville/builds/build/LibreBaskerville-Bold.ttf
$ mv /home/travis/build/fontdirectory/librebaskerville/builds/build/LibreBaskerville-Bold.ttf.fix /home/travis/build/fontdirectory/librebaskerville/builds/build/LibreBaskerville-Bold.ttf
bakery_lint.tests.downstream.test_check_font_tables.CheckFontHasDsigTable.test_check_font_has_dsig_table(): OK
bakery_lint.tests.downstream.test_check_font_tables.CheckFontHasNotKernTable.test_no_kern_table_exists(): OK
bakery_lint.tests.downstream.test_check_italic_angle_agreement.CheckItalicAngleAgreement.test_check_italic_angle_agreement(): OK
bakery_lint.tests.downstream.test_check_fontname_matches_macstyle.CheckFontNameEqualToMacStyleFlags.test_fontname_is_equal_to_macstyle(): FAIL
bakery_lint.tests.downstream.test_check_names_same_across_platforms.CheckNamesSameAcrossPlatforms.test_check_names_same_across_platforms(): OK
bakery_lint.tests.downstream.test_check_name_table_recommendation.CheckStyleNameRecommendation.test_check_stylename_is_under_recommendations(): OK
bakery_lint.tests.downstream.test_check_name_table_recommendation.CheckOTFamilyNameRecommendation.test_check_opentype_familyname(): FAIL
$ fontbakery-fix-opentype-names.py /home/travis/build/fontdirectory/librebaskerville/builds/build/LibreBaskerville-Bold.ttf
$ mv /home/travis/build/fontdirectory/librebaskerville/builds/build/LibreBaskerville-Bold.ttf.fix /home/travis/build/fontdirectory/librebaskerville/builds/build/LibreBaskerville-Bold.ttf
bakery_lint.tests.downstream.test_check_name_table_recommendation.CheckOTFamilyNameRecommendation.test_check_opentype_familyname(): OK
bakery_lint.tests.downstream.test_check_name_table_recommendation.CheckOTStyleNameRecommendation.test_check_opentype_stylename(): OK
bakery_lint.tests.downstream.test_check_name_table_recommendation.CheckOTFullNameRecommendation.test_check_opentype_fullname(): OK
bakery_lint.tests.downstream.test_check_glyph_existence.CheckGlyphExistence.test_euro(): OK
bakery_lint.tests.downstream.test_check_glyph_existence.CheckGlyphExistence.test_nbsp(): OK
bakery_lint.tests.downstream.test_check_glyph_existence.CheckGlyphExistence.test_space(): OK
bakery_lint.tests.downstream.test_check_font_agreements.CheckFsTypeIsNotSet.test_is_fstype_not_set(): OK
$ fontbakery-fix-fstype.py --autofix /home/travis/build/fontdirectory/librebaskerville/builds/build/LibreBaskerville-Bold.ttf
$ mv /home/travis/build/fontdirectory/librebaskerville/builds/build/LibreBaskerville-Bold.ttf.fix /home/travis/build/fontdirectory/librebaskerville/builds/build/LibreBaskerville-Bold.ttf
bakery_lint.tests.downstream.test_check_font_agreements.CheckFontAgreements.test_em_is_1000(): OK
bakery_lint.tests.downstream.test_check_font_agreements.CheckFontAgreements.test_font_is_font(): OK
bakery_lint.tests.downstream.test_check_font_agreements.CheckFontAgreements.test_latin_file_exists(): FAIL
bakery_lint.tests.downstream.test_check_font_agreements.CheckFontAgreements.test_menu_file_exists(): FAIL
bakery_lint.tests.downstream.test_gpos_table_has_kerning_info.CheckGposTableHasKerningInfo.test_gpos_table_has_kerning_info(): OK
bakery_lint.tests.downstream.test_check_os2_width_class.CheckOS2WidthClass.test_check_os2_width_class(): OK
bakery_lint.tests.downstream.test_check_panose_identification.CheckPanoseIdentification.test_check_panose_identification(): OK
bakery_lint.tests.downstream.test_check_upm_heights_less_120.TestCheckUPMHeightsLess120.test_check_upm_heigths_less_120(): FAIL
bakery_lint.tests.downstream.test_check_nbsp_width_matches_sp_width.CheckNbspWidthMatchesSpWidth.test_check_nbsp_width_matches_sp_width(): OK
bakery_lint.tests.downstream.test_check_license_included.CheckLicenseIncluded.test_license_included_in_font_names(): OK
bakery_lint.tests.downstream.test_check_vertical_metrics.CheckVerticalLinegapMetrics.test_metrics_linegaps_are_zero(): OK
bakery_lint.tests.downstream.test_check_vertical_metrics.CheckVerticalAscentMetrics.test_metrics_ascents_equal_bbox(): OK
bakery_lint.tests.downstream.test_check_vertical_metrics.CheckVerticalDescentMetrics.test_metrics_descents_equal_bbox(): FAIL
$ fontbakery-fix-vertical-metrics.py --autofix /home/travis/build/fontdirectory/librebaskerville/builds/build/LibreBaskerville-Regular.ttf /home/travis/build/fontdirectory/librebaskerville/builds/build/LibreBaskerville-Italic.ttf /home/travis/build/fontdirectory/librebaskerville/builds/build/LibreBaskerville-Bold.ttf
$ mv /home/travis/build/fontdirectory/librebaskerville/builds/build/LibreBaskerville-Regular.ttf.fix /home/travis/build/fontdirectory/librebaskerville/builds/build/LibreBaskerville-Regular.ttf
$ mv /home/travis/build/fontdirectory/librebaskerville/builds/build/LibreBaskerville-Italic.ttf.fix /home/travis/build/fontdirectory/librebaskerville/builds/build/LibreBaskerville-Italic.ttf
$ mv /home/travis/build/fontdirectory/librebaskerville/builds/build/LibreBaskerville-Bold.ttf.fix /home/travis/build/fontdirectory/librebaskerville/builds/build/LibreBaskerville-Bold.ttf
$ fontbakery-fix-vertical-metrics.py /home/travis/build/fontdirectory/librebaskerville/builds/build/LibreBaskerville-Regular.ttf /home/travis/build/fontdirectory/librebaskerville/builds/build/LibreBaskerville-Italic.ttf /home/travis/build/fontdirectory/librebaskerville/builds/build/LibreBaskerville-Bold.ttf
Parameter              LibreBaskerville-Regular.ttf    LibreBaskerville-Italic.ttf    LibreBaskerville-Bold.ttf    
ymax                   970                             970                            970                          
hhea.ascent            970                             970                            970                          
OS/2.sTypoAscender     970                             970                            970                          
OS/2.usWinAscent       970                             970                            970                          
ymin                   -260                            -260                           -260                         
hhea.descent           -260                            -260                           -260                         
OS/2.sTypoDescender    -260                            -260                           -260                         
OS/2.usWinDescent      260                             260                            260                          
hhea.lineGap           0                               0                              0                            
OS/2.sTypoLineGap      0                               0                              0                            
hhea total             1230                            1230                           1230                         
typo total             1230                            1230                           1230                         
win total              1230                            1230                           1230                         
UPM:Heights            1000:1230                       1000:1230                      1000:1230                    
UPM:Heights %          123 %                           123 %                          123 %                        


bakery_lint.tests.downstream.test_check_vertical_metrics.CheckVerticalDescentMetrics.test_metrics_descents_equal_bbox(): OK
bakery_lint.tests.downstream.test_gasp_table_value.CheckGaspTableType.test_check_gasp_table_type(): OK
$ fontbakery-fix-gasp.py --set=15 /home/travis/build/fontdirectory/librebaskerville/builds/build/LibreBaskerville-Bold.ttf
$ mv /home/travis/build/fontdirectory/librebaskerville/builds/build/LibreBaskerville-Bold.ttf.fix /home/travis/build/fontdirectory/librebaskerville/builds/build/LibreBaskerville-Bold.ttf
bakery_lint.tests.downstream.test_check_unencoded_glyph.TestFontUnencodedGlyph.test_font_unencoded_glyphs(): FAIL
$ fontbakery-fix-glyph-private-encoding.py --autofix /home/travis/build/fontdirectory/librebaskerville/builds/build/LibreBaskerville-Bold.ttf
$ mv /home/travis/build/fontdirectory/librebaskerville/builds/build/LibreBaskerville-Bold.ttf.fix /home/travis/build/fontdirectory/librebaskerville/builds/build/LibreBaskerville-Bold.ttf
bakery_lint.tests.downstream.test_check_unencoded_glyph.TestFontUnencodedGlyph.test_font_unencoded_glyphs(): FAIL
bakery_lint.tests.downstream.test_check_hmtx_hhea_max_advance_width_agreement.CheckHmtxHheaMaxAdvanceWidthAgreement.test_check_hmtx_hhea_max_advance_width_agreement(): OK
bakery_lint.tests.downstream.test_check_magic_prep_code.CheckMagicPREPByteCode.test_prep_magic_code(): FAIL
bakery_lint.tests.downstream.test_names_are_ascii_only.CheckNamesAreASCIIOnly.test_check_names_are_ascii_only(): OK
bakery_lint.tests.downstream.test_check_glyf_table_length.CheckGlyfTableLength.test_check_glyf_table_length(): FAIL
The following table(s) in the font have been ignored by FontForge
  Ignoring 'DSIG' digital signature table
bakery_lint.tests.downstream.test_fontforge_validation_state.FontForgeValidateStateTest.test_allowed_numbers_paths_in_composite_glyphs(): OK
bakery_lint.tests.downstream.test_fontforge_validation_state.FontForgeValidateStateTest.test_allowed_numbers_paths_in_glyphs(): OK
bakery_lint.tests.downstream.test_fontforge_validation_state.FontForgeValidateStateTest.test_allowed_numbers_points_in_composite_glyphs(): OK
bakery_lint.tests.downstream.test_fontforge_validation_state.FontForgeValidateStateTest.test_allowed_numbers_points_in_glyphs(): OK
bakery_lint.tests.downstream.test_fontforge_validation_state.FontForgeValidateStateTest.test_duplicate_glyphs(): OK
bakery_lint.tests.downstream.test_fontforge_validation_state.FontForgeValidateStateTest.test_duplicate_unicode_codepoints(): OK
bakery_lint.tests.downstream.test_fontforge_validation_state.FontForgeValidateStateTest.test_flipped_reference_in_glyphs(): OK
bakery_lint.tests.downstream.test_fontforge_validation_state.FontForgeValidateStateTest.test_missing_anchors(): OK
bakery_lint.tests.downstream.test_fontforge_validation_state.FontForgeValidateStateTest.test_missing_extrema_in_glyphs(): OK
bakery_lint.tests.downstream.test_fontforge_validation_state.FontForgeValidateStateTest.test_overlapped_hints(): OK
bakery_lint.tests.downstream.test_fontforge_validation_state.FontForgeValidateStateTest.test_points_are_integer_aligned(): OK
bakery_lint.tests.downstream.test_fontforge_validation_state.FontForgeValidateStateTest.test_points_are_not_too_far_apart(): OK
bakery_lint.tests.downstream.test_fontforge_validation_state.FontForgeValidateStateTest.test_postscript_hasnt_limit_hints_in_glyphs(): OK
bakery_lint.tests.downstream.test_fontforge_validation_state.FontForgeValidateStateTest.test_postscript_hasnt_limit_points_in_glyphs(): OK
bakery_lint.tests.downstream.test_fontforge_validation_state.FontForgeValidateStateTest.test_referenced_glyphs_are_present(): OK
bakery_lint.tests.downstream.test_fontforge_validation_state.FontForgeValidateStateTest.test_valid_glyph_names(): OK
bakery_lint.tests.downstream.test_fontforge_validation_state.FontForgeValidateStateTest.test_valid_length_instructions(): OK
bakery_lint.tests.downstream.test_fontforge_validation_state.FontForgeValidateStateTest.test_validation_glyph_intersect(): OK
bakery_lint.tests.downstream.test_fontforge_validation_state.FontForgeValidateStateTest.test_validation_open_contours(): OK
bakery_lint.tests.downstream.test_fontforge_validation_state.FontForgeValidateStateTest.test_wrong_direction_in_glyphs(): OK
### Optimize TTF LibreBaskerville-Bold.ttf
$ ls -l 'LibreBaskerville-Bold.ttf'* # look at the size savings of that subset process
LibreBaskerville-Bold.ttf.opt: 158304 bytes
LibreBaskerville-Bold.ttf: 163060 bytes
$ mv /home/travis/build/fontdirectory/librebaskerville/builds/build/LibreBaskerville-Bold.ttf.opt /home/travis/build/fontdirectory/librebaskerville/builds/build/LibreBaskerville-Bold.ttf
### Autohint TTFs (ttfautohint) LibreBaskerville-Bold.ttf
$ ttfautohint -l 7 -r 28 -G 50 -x 13 -w "G" /home/travis/build/fontdirectory/librebaskerville/builds/build/LibreBaskerville-Bold.ttf '/home/travis/build/fontdirectory/librebaskerville/builds/build/LibreBaskerville-Bold.autohint.ttf'

$ ls -l /home/travis/build/fontdirectory/librebaskerville/builds/build/LibreBaskerville-Bold.*ttf # look at the size savings of that subset process
/home/travis/build/fontdirectory/librebaskerville/builds/build/LibreBaskerville-Bold.ttf: 158304 bytes
/home/travis/build/fontdirectory/librebaskerville/builds/build/LibreBaskerville-Bold.autohint.ttf: 146712 bytes
$ mv /home/travis/build/fontdirectory/librebaskerville/builds/build/LibreBaskerville-Bold.autohint.ttf /home/travis/build/fontdirectory/librebaskerville/builds/build/LibreBaskerville-Bold.ttf
### Subset TTFs (pyftsubset) LibreBaskerville-Bold.ttf
$ pyftsubset LibreBaskerville-Bold.latin
$ pyftsubset LibreBaskerville-Bold.menu
strippedname:/home/travis/build/fontdirectory/librebaskerville/builds/build/LibreBaskerville-Bold.ttf
### Test LibreBaskerville-Italic.ttf
$ fontbakery-check.py result LibreBaskerville-Italic.ttf
bakery_lint.tests.downstream.test_check_unused_glyph_data.CheckUnusedGlyphData.test_check_unused_glyph_data(): ERROR
bakery_lint.tests.downstream.test_check_full_font_name_begins_with_family_name.CheckFullFontNameBeginsWithFamilyName.test_check_full_font_name_begins_with_family_name(): OK
bakery_lint.tests.downstream.test_check_no_problematic_formats.CheckNoProblematicFormats.test_check_no_problematic_formats(): OK
bakery_lint.tests.downstream.test_check_font_tables.CheckFontHasDsigTable.test_check_font_has_dsig_table(): FAIL
$ fontbakery-fix-dsig.py /home/travis/build/fontdirectory/librebaskerville/builds/build/LibreBaskerville-Italic.ttf
$ mv /home/travis/build/fontdirectory/librebaskerville/builds/build/LibreBaskerville-Italic.ttf.fix /home/travis/build/fontdirectory/librebaskerville/builds/build/LibreBaskerville-Italic.ttf
bakery_lint.tests.downstream.test_check_font_tables.CheckFontHasDsigTable.test_check_font_has_dsig_table(): OK
bakery_lint.tests.downstream.test_check_font_tables.CheckFontHasNotKernTable.test_no_kern_table_exists(): OK
bakery_lint.tests.downstream.test_check_italic_angle_agreement.CheckItalicAngleAgreement.test_check_italic_angle_agreement(): OK
bakery_lint.tests.downstream.test_check_fontname_matches_macstyle.CheckFontNameEqualToMacStyleFlags.test_fontname_is_equal_to_macstyle(): FAIL
bakery_lint.tests.downstream.test_check_names_same_across_platforms.CheckNamesSameAcrossPlatforms.test_check_names_same_across_platforms(): OK
bakery_lint.tests.downstream.test_check_name_table_recommendation.CheckStyleNameRecommendation.test_check_stylename_is_under_recommendations(): OK
bakery_lint.tests.downstream.test_check_name_table_recommendation.CheckOTFamilyNameRecommendation.test_check_opentype_familyname(): FAIL
$ fontbakery-fix-opentype-names.py /home/travis/build/fontdirectory/librebaskerville/builds/build/LibreBaskerville-Italic.ttf
$ mv /home/travis/build/fontdirectory/librebaskerville/builds/build/LibreBaskerville-Italic.ttf.fix /home/travis/build/fontdirectory/librebaskerville/builds/build/LibreBaskerville-Italic.ttf
bakery_lint.tests.downstream.test_check_name_table_recommendation.CheckOTFamilyNameRecommendation.test_check_opentype_familyname(): OK
bakery_lint.tests.downstream.test_check_name_table_recommendation.CheckOTStyleNameRecommendation.test_check_opentype_stylename(): FAIL
$ fontbakery-fix-opentype-names.py /home/travis/build/fontdirectory/librebaskerville/builds/build/LibreBaskerville-Italic.ttf
$ mv /home/travis/build/fontdirectory/librebaskerville/builds/build/LibreBaskerville-Italic.ttf.fix /home/travis/build/fontdirectory/librebaskerville/builds/build/LibreBaskerville-Italic.ttf
bakery_lint.tests.downstream.test_check_name_table_recommendation.CheckOTStyleNameRecommendation.test_check_opentype_stylename(): FAIL
bakery_lint.tests.downstream.test_check_name_table_recommendation.CheckOTFullNameRecommendation.test_check_opentype_fullname(): OK
bakery_lint.tests.downstream.test_check_glyph_existence.CheckGlyphExistence.test_euro(): OK
bakery_lint.tests.downstream.test_check_glyph_existence.CheckGlyphExistence.test_nbsp(): OK
bakery_lint.tests.downstream.test_check_glyph_existence.CheckGlyphExistence.test_space(): OK
bakery_lint.tests.downstream.test_check_font_agreements.CheckFsTypeIsNotSet.test_is_fstype_not_set(): OK
$ fontbakery-fix-fstype.py --autofix /home/travis/build/fontdirectory/librebaskerville/builds/build/LibreBaskerville-Italic.ttf
$ mv /home/travis/build/fontdirectory/librebaskerville/builds/build/LibreBaskerville-Italic.ttf.fix /home/travis/build/fontdirectory/librebaskerville/builds/build/LibreBaskerville-Italic.ttf
bakery_lint.tests.downstream.test_check_font_agreements.CheckFontAgreements.test_em_is_1000(): OK
bakery_lint.tests.downstream.test_check_font_agreements.CheckFontAgreements.test_font_is_font(): OK
bakery_lint.tests.downstream.test_check_font_agreements.CheckFontAgreements.test_latin_file_exists(): FAIL
bakery_lint.tests.downstream.test_check_font_agreements.CheckFontAgreements.test_menu_file_exists(): FAIL
bakery_lint.tests.downstream.test_gpos_table_has_kerning_info.CheckGposTableHasKerningInfo.test_gpos_table_has_kerning_info(): OK
bakery_lint.tests.downstream.test_check_os2_width_class.CheckOS2WidthClass.test_check_os2_width_class(): OK
bakery_lint.tests.downstream.test_check_panose_identification.CheckPanoseIdentification.test_check_panose_identification(): OK
bakery_lint.tests.downstream.test_check_upm_heights_less_120.TestCheckUPMHeightsLess120.test_check_upm_heigths_less_120(): FAIL
bakery_lint.tests.downstream.test_check_nbsp_width_matches_sp_width.CheckNbspWidthMatchesSpWidth.test_check_nbsp_width_matches_sp_width(): OK
bakery_lint.tests.downstream.test_check_license_included.CheckLicenseIncluded.test_license_included_in_font_names(): OK
bakery_lint.tests.downstream.test_check_vertical_metrics.CheckVerticalLinegapMetrics.test_metrics_linegaps_are_zero(): OK
bakery_lint.tests.downstream.test_check_vertical_metrics.CheckVerticalAscentMetrics.test_metrics_ascents_equal_bbox(): OK
bakery_lint.tests.downstream.test_check_vertical_metrics.CheckVerticalDescentMetrics.test_metrics_descents_equal_bbox(): OK
bakery_lint.tests.downstream.test_gasp_table_value.CheckGaspTableType.test_check_gasp_table_type(): OK
$ fontbakery-fix-gasp.py --set=15 /home/travis/build/fontdirectory/librebaskerville/builds/build/LibreBaskerville-Italic.ttf
$ mv /home/travis/build/fontdirectory/librebaskerville/builds/build/LibreBaskerville-Italic.ttf.fix /home/travis/build/fontdirectory/librebaskerville/builds/build/LibreBaskerville-Italic.ttf
bakery_lint.tests.downstream.test_check_unencoded_glyph.TestFontUnencodedGlyph.test_font_unencoded_glyphs(): FAIL
$ fontbakery-fix-glyph-private-encoding.py --autofix /home/travis/build/fontdirectory/librebaskerville/builds/build/LibreBaskerville-Italic.ttf
$ mv /home/travis/build/fontdirectory/librebaskerville/builds/build/LibreBaskerville-Italic.ttf.fix /home/travis/build/fontdirectory/librebaskerville/builds/build/LibreBaskerville-Italic.ttf
bakery_lint.tests.downstream.test_check_unencoded_glyph.TestFontUnencodedGlyph.test_font_unencoded_glyphs(): FAIL
bakery_lint.tests.downstream.test_check_hmtx_hhea_max_advance_width_agreement.CheckHmtxHheaMaxAdvanceWidthAgreement.test_check_hmtx_hhea_max_advance_width_agreement(): OK
bakery_lint.tests.downstream.test_check_magic_prep_code.CheckMagicPREPByteCode.test_prep_magic_code(): FAIL
bakery_lint.tests.downstream.test_names_are_ascii_only.CheckNamesAreASCIIOnly.test_check_names_are_ascii_only(): OK
bakery_lint.tests.downstream.test_check_glyf_table_length.CheckGlyfTableLength.test_check_glyf_table_length(): FAIL
The following table(s) in the font have been ignored by FontForge
  Ignoring 'DSIG' digital signature table
bakery_lint.tests.downstream.test_fontforge_validation_state.FontForgeValidateStateTest.test_allowed_numbers_paths_in_composite_glyphs(): OK
bakery_lint.tests.downstream.test_fontforge_validation_state.FontForgeValidateStateTest.test_allowed_numbers_paths_in_glyphs(): OK
bakery_lint.tests.downstream.test_fontforge_validation_state.FontForgeValidateStateTest.test_allowed_numbers_points_in_composite_glyphs(): OK
bakery_lint.tests.downstream.test_fontforge_validation_state.FontForgeValidateStateTest.test_allowed_numbers_points_in_glyphs(): OK
bakery_lint.tests.downstream.test_fontforge_validation_state.FontForgeValidateStateTest.test_duplicate_glyphs(): OK
bakery_lint.tests.downstream.test_fontforge_validation_state.FontForgeValidateStateTest.test_duplicate_unicode_codepoints(): OK
bakery_lint.tests.downstream.test_fontforge_validation_state.FontForgeValidateStateTest.test_flipped_reference_in_glyphs(): OK
bakery_lint.tests.downstream.test_fontforge_validation_state.FontForgeValidateStateTest.test_missing_anchors(): OK
bakery_lint.tests.downstream.test_fontforge_validation_state.FontForgeValidateStateTest.test_missing_extrema_in_glyphs(): OK
bakery_lint.tests.downstream.test_fontforge_validation_state.FontForgeValidateStateTest.test_overlapped_hints(): OK
bakery_lint.tests.downstream.test_fontforge_validation_state.FontForgeValidateStateTest.test_points_are_integer_aligned(): OK
bakery_lint.tests.downstream.test_fontforge_validation_state.FontForgeValidateStateTest.test_points_are_not_too_far_apart(): OK
bakery_lint.tests.downstream.test_fontforge_validation_state.FontForgeValidateStateTest.test_postscript_hasnt_limit_hints_in_glyphs(): OK
bakery_lint.tests.downstream.test_fontforge_validation_state.FontForgeValidateStateTest.test_postscript_hasnt_limit_points_in_glyphs(): OK
bakery_lint.tests.downstream.test_fontforge_validation_state.FontForgeValidateStateTest.test_referenced_glyphs_are_present(): OK
bakery_lint.tests.downstream.test_fontforge_validation_state.FontForgeValidateStateTest.test_valid_glyph_names(): OK
bakery_lint.tests.downstream.test_fontforge_validation_state.FontForgeValidateStateTest.test_valid_length_instructions(): OK
bakery_lint.tests.downstream.test_fontforge_validation_state.FontForgeValidateStateTest.test_validation_glyph_intersect(): FAIL
bakery_lint.tests.downstream.test_fontforge_validation_state.FontForgeValidateStateTest.test_validation_open_contours(): OK
bakery_lint.tests.downstream.test_fontforge_validation_state.FontForgeValidateStateTest.test_wrong_direction_in_glyphs(): OK
### Optimize TTF LibreBaskerville-Italic.ttf
$ ls -l 'LibreBaskerville-Italic.ttf'* # look at the size savings of that subset process
LibreBaskerville-Italic.ttf.opt: 174444 bytes
LibreBaskerville-Italic.ttf: 179236 bytes
$ mv /home/travis/build/fontdirectory/librebaskerville/builds/build/LibreBaskerville-Italic.ttf.opt /home/travis/build/fontdirectory/librebaskerville/builds/build/LibreBaskerville-Italic.ttf
### Autohint TTFs (ttfautohint) LibreBaskerville-Italic.ttf
$ ttfautohint -l 7 -r 28 -G 50 -x 13 -w "G" /home/travis/build/fontdirectory/librebaskerville/builds/build/LibreBaskerville-Italic.ttf '/home/travis/build/fontdirectory/librebaskerville/builds/build/LibreBaskerville-Italic.autohint.ttf'

$ ls -l /home/travis/build/fontdirectory/librebaskerville/builds/build/LibreBaskerville-Italic.*ttf # look at the size savings of that subset process
/home/travis/build/fontdirectory/librebaskerville/builds/build/LibreBaskerville-Italic.ttf: 174444 bytes
/home/travis/build/fontdirectory/librebaskerville/builds/build/LibreBaskerville-Italic.autohint.ttf: 167872 bytes
$ mv /home/travis/build/fontdirectory/librebaskerville/builds/build/LibreBaskerville-Italic.autohint.ttf /home/travis/build/fontdirectory/librebaskerville/builds/build/LibreBaskerville-Italic.ttf
### Subset TTFs (pyftsubset) LibreBaskerville-Italic.ttf
$ pyftsubset LibreBaskerville-Italic.latin
$ pyftsubset LibreBaskerville-Italic.menu
strippedname:/home/travis/build/fontdirectory/librebaskerville/builds/build/LibreBaskerville-Italic.ttf
### Test LibreBaskerville-Regular.ttf
$ fontbakery-check.py result LibreBaskerville-Regular.ttf
bakery_lint.tests.downstream.test_check_unused_glyph_data.CheckUnusedGlyphData.test_check_unused_glyph_data(): ERROR
bakery_lint.tests.downstream.test_check_full_font_name_begins_with_family_name.CheckFullFontNameBeginsWithFamilyName.test_check_full_font_name_begins_with_family_name(): OK
bakery_lint.tests.downstream.test_check_no_problematic_formats.CheckNoProblematicFormats.test_check_no_problematic_formats(): OK
bakery_lint.tests.downstream.test_check_font_tables.CheckFontHasDsigTable.test_check_font_has_dsig_table(): FAIL
$ fontbakery-fix-dsig.py /home/travis/build/fontdirectory/librebaskerville/builds/build/LibreBaskerville-Regular.ttf
$ mv /home/travis/build/fontdirectory/librebaskerville/builds/build/LibreBaskerville-Regular.ttf.fix /home/travis/build/fontdirectory/librebaskerville/builds/build/LibreBaskerville-Regular.ttf
bakery_lint.tests.downstream.test_check_font_tables.CheckFontHasDsigTable.test_check_font_has_dsig_table(): OK
bakery_lint.tests.downstream.test_check_font_tables.CheckFontHasNotKernTable.test_no_kern_table_exists(): OK
bakery_lint.tests.downstream.test_check_italic_angle_agreement.CheckItalicAngleAgreement.test_check_italic_angle_agreement(): OK
bakery_lint.tests.downstream.test_check_fontname_matches_macstyle.CheckFontNameEqualToMacStyleFlags.test_fontname_is_equal_to_macstyle(): FAIL
bakery_lint.tests.downstream.test_check_names_same_across_platforms.CheckNamesSameAcrossPlatforms.test_check_names_same_across_platforms(): OK
bakery_lint.tests.downstream.test_check_name_table_recommendation.CheckStyleNameRecommendation.test_check_stylename_is_under_recommendations(): OK
bakery_lint.tests.downstream.test_check_name_table_recommendation.CheckOTFamilyNameRecommendation.test_check_opentype_familyname(): FAIL
$ fontbakery-fix-opentype-names.py /home/travis/build/fontdirectory/librebaskerville/builds/build/LibreBaskerville-Regular.ttf
$ mv /home/travis/build/fontdirectory/librebaskerville/builds/build/LibreBaskerville-Regular.ttf.fix /home/travis/build/fontdirectory/librebaskerville/builds/build/LibreBaskerville-Regular.ttf
bakery_lint.tests.downstream.test_check_name_table_recommendation.CheckOTFamilyNameRecommendation.test_check_opentype_familyname(): OK
bakery_lint.tests.downstream.test_check_name_table_recommendation.CheckOTStyleNameRecommendation.test_check_opentype_stylename(): OK
bakery_lint.tests.downstream.test_check_name_table_recommendation.CheckOTFullNameRecommendation.test_check_opentype_fullname(): OK
bakery_lint.tests.downstream.test_check_glyph_existence.CheckGlyphExistence.test_euro(): OK
bakery_lint.tests.downstream.test_check_glyph_existence.CheckGlyphExistence.test_nbsp(): OK
bakery_lint.tests.downstream.test_check_glyph_existence.CheckGlyphExistence.test_space(): OK
bakery_lint.tests.downstream.test_check_font_agreements.CheckFsTypeIsNotSet.test_is_fstype_not_set(): OK
$ fontbakery-fix-fstype.py --autofix /home/travis/build/fontdirectory/librebaskerville/builds/build/LibreBaskerville-Regular.ttf
$ mv /home/travis/build/fontdirectory/librebaskerville/builds/build/LibreBaskerville-Regular.ttf.fix /home/travis/build/fontdirectory/librebaskerville/builds/build/LibreBaskerville-Regular.ttf
bakery_lint.tests.downstream.test_check_font_agreements.CheckFontAgreements.test_em_is_1000(): OK
bakery_lint.tests.downstream.test_check_font_agreements.CheckFontAgreements.test_font_is_font(): OK
bakery_lint.tests.downstream.test_check_font_agreements.CheckFontAgreements.test_latin_file_exists(): FAIL
bakery_lint.tests.downstream.test_check_font_agreements.CheckFontAgreements.test_menu_file_exists(): FAIL
bakery_lint.tests.downstream.test_gpos_table_has_kerning_info.CheckGposTableHasKerningInfo.test_gpos_table_has_kerning_info(): OK
bakery_lint.tests.downstream.test_check_os2_width_class.CheckOS2WidthClass.test_check_os2_width_class(): OK
bakery_lint.tests.downstream.test_check_panose_identification.CheckPanoseIdentification.test_check_panose_identification(): OK
bakery_lint.tests.downstream.test_check_upm_heights_less_120.TestCheckUPMHeightsLess120.test_check_upm_heigths_less_120(): FAIL
bakery_lint.tests.downstream.test_check_nbsp_width_matches_sp_width.CheckNbspWidthMatchesSpWidth.test_check_nbsp_width_matches_sp_width(): OK
bakery_lint.tests.downstream.test_check_license_included.CheckLicenseIncluded.test_license_included_in_font_names(): OK
bakery_lint.tests.downstream.test_check_vertical_metrics.CheckVerticalLinegapMetrics.test_metrics_linegaps_are_zero(): OK
bakery_lint.tests.downstream.test_check_vertical_metrics.CheckVerticalAscentMetrics.test_metrics_ascents_equal_bbox(): OK
bakery_lint.tests.downstream.test_check_vertical_metrics.CheckVerticalDescentMetrics.test_metrics_descents_equal_bbox(): OK
bakery_lint.tests.downstream.test_gasp_table_value.CheckGaspTableType.test_check_gasp_table_type(): OK
$ fontbakery-fix-gasp.py --set=15 /home/travis/build/fontdirectory/librebaskerville/builds/build/LibreBaskerville-Regular.ttf
$ mv /home/travis/build/fontdirectory/librebaskerville/builds/build/LibreBaskerville-Regular.ttf.fix /home/travis/build/fontdirectory/librebaskerville/builds/build/LibreBaskerville-Regular.ttf
bakery_lint.tests.downstream.test_check_unencoded_glyph.TestFontUnencodedGlyph.test_font_unencoded_glyphs(): FAIL
$ fontbakery-fix-glyph-private-encoding.py --autofix /home/travis/build/fontdirectory/librebaskerville/builds/build/LibreBaskerville-Regular.ttf
$ mv /home/travis/build/fontdirectory/librebaskerville/builds/build/LibreBaskerville-Regular.ttf.fix /home/travis/build/fontdirectory/librebaskerville/builds/build/LibreBaskerville-Regular.ttf
bakery_lint.tests.downstream.test_check_unencoded_glyph.TestFontUnencodedGlyph.test_font_unencoded_glyphs(): FAIL
bakery_lint.tests.downstream.test_check_hmtx_hhea_max_advance_width_agreement.CheckHmtxHheaMaxAdvanceWidthAgreement.test_check_hmtx_hhea_max_advance_width_agreement(): OK
bakery_lint.tests.downstream.test_check_magic_prep_code.CheckMagicPREPByteCode.test_prep_magic_code(): FAIL
bakery_lint.tests.downstream.test_names_are_ascii_only.CheckNamesAreASCIIOnly.test_check_names_are_ascii_only(): OK
bakery_lint.tests.downstream.test_check_glyf_table_length.CheckGlyfTableLength.test_check_glyf_table_length(): FAIL
The following table(s) in the font have been ignored by FontForge
  Ignoring 'DSIG' digital signature table
bakery_lint.tests.downstream.test_fontforge_validation_state.FontForgeValidateStateTest.test_allowed_numbers_paths_in_composite_glyphs(): OK
bakery_lint.tests.downstream.test_fontforge_validation_state.FontForgeValidateStateTest.test_allowed_numbers_paths_in_glyphs(): OK
bakery_lint.tests.downstream.test_fontforge_validation_state.FontForgeValidateStateTest.test_allowed_numbers_points_in_composite_glyphs(): OK
bakery_lint.tests.downstream.test_fontforge_validation_state.FontForgeValidateStateTest.test_allowed_numbers_points_in_glyphs(): OK
bakery_lint.tests.downstream.test_fontforge_validation_state.FontForgeValidateStateTest.test_duplicate_glyphs(): OK
bakery_lint.tests.downstream.test_fontforge_validation_state.FontForgeValidateStateTest.test_duplicate_unicode_codepoints(): OK
bakery_lint.tests.downstream.test_fontforge_validation_state.FontForgeValidateStateTest.test_flipped_reference_in_glyphs(): OK
bakery_lint.tests.downstream.test_fontforge_validation_state.FontForgeValidateStateTest.test_missing_anchors(): OK
bakery_lint.tests.downstream.test_fontforge_validation_state.FontForgeValidateStateTest.test_missing_extrema_in_glyphs(): OK
bakery_lint.tests.downstream.test_fontforge_validation_state.FontForgeValidateStateTest.test_overlapped_hints(): OK
bakery_lint.tests.downstream.test_fontforge_validation_state.FontForgeValidateStateTest.test_points_are_integer_aligned(): OK
bakery_lint.tests.downstream.test_fontforge_validation_state.FontForgeValidateStateTest.test_points_are_not_too_far_apart(): OK
bakery_lint.tests.downstream.test_fontforge_validation_state.FontForgeValidateStateTest.test_postscript_hasnt_limit_hints_in_glyphs(): OK
bakery_lint.tests.downstream.test_fontforge_validation_state.FontForgeValidateStateTest.test_postscript_hasnt_limit_points_in_glyphs(): OK
bakery_lint.tests.downstream.test_fontforge_validation_state.FontForgeValidateStateTest.test_referenced_glyphs_are_present(): OK
bakery_lint.tests.downstream.test_fontforge_validation_state.FontForgeValidateStateTest.test_valid_glyph_names(): OK
bakery_lint.tests.downstream.test_fontforge_validation_state.FontForgeValidateStateTest.test_valid_length_instructions(): OK
bakery_lint.tests.downstream.test_fontforge_validation_state.FontForgeValidateStateTest.test_validation_glyph_intersect(): OK
bakery_lint.tests.downstream.test_fontforge_validation_state.FontForgeValidateStateTest.test_validation_open_contours(): OK
bakery_lint.tests.downstream.test_fontforge_validation_state.FontForgeValidateStateTest.test_wrong_direction_in_glyphs(): OK
### Optimize TTF LibreBaskerville-Regular.ttf
$ ls -l 'LibreBaskerville-Regular.ttf'* # look at the size savings of that subset process
LibreBaskerville-Regular.ttf.opt: 157532 bytes
LibreBaskerville-Regular.ttf: 162264 bytes
$ mv /home/travis/build/fontdirectory/librebaskerville/builds/build/LibreBaskerville-Regular.ttf.opt /home/travis/build/fontdirectory/librebaskerville/builds/build/LibreBaskerville-Regular.ttf
### Autohint TTFs (ttfautohint) LibreBaskerville-Regular.ttf
$ ttfautohint -l 7 -r 28 -G 50 -x 13 -w "G" /home/travis/build/fontdirectory/librebaskerville/builds/build/LibreBaskerville-Regular.ttf '/home/travis/build/fontdirectory/librebaskerville/builds/build/LibreBaskerville-Regular.autohint.ttf'

$ ls -l /home/travis/build/fontdirectory/librebaskerville/builds/build/LibreBaskerville-Regular.*ttf # look at the size savings of that subset process
/home/travis/build/fontdirectory/librebaskerville/builds/build/LibreBaskerville-Regular.ttf: 157532 bytes
/home/travis/build/fontdirectory/librebaskerville/builds/build/LibreBaskerville-Regular.autohint.ttf: 143224 bytes
$ mv /home/travis/build/fontdirectory/librebaskerville/builds/build/LibreBaskerville-Regular.autohint.ttf /home/travis/build/fontdirectory/librebaskerville/builds/build/LibreBaskerville-Regular.ttf
### Subset TTFs (pyftsubset) LibreBaskerville-Regular.ttf
$ pyftsubset LibreBaskerville-Regular.latin
$ pyftsubset LibreBaskerville-Regular.menu
strippedname:/home/travis/build/fontdirectory/librebaskerville/builds/build/LibreBaskerville-Regular.ttf
### (5 of 6) Generate METADATA.json (fontbakery-build-metadata.py)
$ fontbakery-build-metadata.py /home/travis/build/fontdirectory/librebaskerville/builds/build
{} exists
Designer's name from font is: Pablo Impallari, Rodrigo Fuenzalida
Original size: 143224\nGzip size: 54664
Family Name: Libre Baskerville
PS Name: LibreBaskerville-Regular
Full Name: Libre Baskerville
Style: normal
Weight: 400
Filename: LibreBaskerville-Regular.ttf
Copyright: Copyright (c) 2012, Pablo Impallari (www.impallari.com|impallari@gmail.com), Copyright (c) 2012, Rodrigo Fuenzalida (www.rfuenzalida.com|hello@rfuenzalida.com), with Reserved Font Name Libre Baskerville.
Family Name: Libre Baskerville
PS Name: LibreBaskerville-Italic
Full Name: Libre Baskerville Italic
Style: italic
Weight: 400
Filename: LibreBaskerville-Italic.ttf
Copyright: Copyright (c) 2012, Pablo Impallari (www.impallari.com|impallari@gmail.com), Copyright (c) 2012, Rodrigo Fuenzalida (www.rfuenzalida.com|hello@rfuenzalida.com), with Reserved Font Name Libre Baskerville.
Family Name: Libre Baskerville
PS Name: LibreBaskerville-Bold
Full Name: Libre Baskerville Bold
Style: normal
Weight: 700
Filename: LibreBaskerville-Bold.ttf
Copyright: Copyright (c) 2012, Pablo Impallari (www.impallari.com|impallari@gmail.com), Copyright (c) 2012, Rodrigo Fuenzalida (www.rfuenzalida.com|hello@rfuenzalida.com), with Reserved Font Name Libre Baskerville.
### (6 of 6) Run tests for METADATA.json
$ fontbakery-check.py metadata METADATA.json
bakery_lint.tests.metadata_test.MetadataSubsetsListTest.test_charset_latin(): OK
bakery_lint.tests.metadata_test.MetadataSubsetsListTest.test_charset_latin_ext(): FAIL
bakery_lint.tests.metadata_test.MetadataSubsetsListTest.test_charset_menu(): OK
bakery_lint.tests.metadata_test.MetadataTest.test_description_is_more_than_500b(): FAIL
bakery_lint.tests.metadata_test.MetadataTest.test_description_is_valid_html(): OK
bakery_lint.tests.metadata_test.MetadataTest.test_does_not_familyName_exist_in_daltonmaag_catalogue(): FAIL
bakery_lint.tests.metadata_test.MetadataTest.test_does_not_familyName_exist_in_fontbureau_catalogue(): OK
bakery_lint.tests.metadata_test.MetadataTest.test_does_not_familyName_exist_in_fontscom_catalogue(): OK
bakery_lint.tests.metadata_test.MetadataTest.test_does_not_familyName_exist_in_fontshop_catalogue(): FAIL
bakery_lint.tests.metadata_test.MetadataTest.test_does_not_familyName_exist_in_fontsmith_catalogue(): FAIL
bakery_lint.tests.metadata_test.MetadataTest.test_does_not_familyName_exist_in_houseind_catalogue(): OK
bakery_lint.tests.metadata_test.MetadataTest.test_does_not_familyName_exist_in_myfonts_catalogue(): OK
bakery_lint.tests.metadata_test.MetadataTest.test_does_not_familyName_exist_in_veer_catalogue(): OK
bakery_lint.tests.metadata_test.MetadataTest.test_family_is_listed_in_gwf(): FAIL
bakery_lint.tests.metadata_test.MetadataTest.test_metadata_atleast_latin_menu_subsets_exist(): OK
/home/travis/virtualenv/python2.7.8/lib/python2.7/site-packages/bakery_lint/tests/metadata_test.py:141: UnicodeWarning: Unicode equal comparison failed to convert both arguments to Unicode - interpreting them as being unequal
  self.assertTrue(designer in designers,
bakery_lint.tests.metadata_test.MetadataTest.test_metadata_designer_exists_in_profiles_csv(): OK
bakery_lint.tests.metadata_test.MetadataTest.test_metadata_fonts_items_dicts(): OK
bakery_lint.tests.metadata_test.MetadataTest.test_metadata_fonts_key_list(): OK
bakery_lint.tests.metadata_test.MetadataTest.test_metadata_fonts_no_dupes(): OK
bakery_lint.tests.metadata_test.MetadataTest.test_metadata_has_unique_style_weight_pairs(): OK
bakery_lint.tests.metadata_test.MetadataTest.test_metadata_keys(): OK
bakery_lint.tests.metadata_test.MetadataTest.test_metadata_license(): OK
bakery_lint.tests.metadata_test.MetadataTest.test_metadata_no_unknown_top_keys(): OK
bakery_lint.tests.metadata_test.MetadataTest.test_metadata_subsets_key_list(): OK
bakery_lint.tests.metadata_test.MetadataTest.test_metadata_top_keys_types(): OK
bakery_lint.tests.downstream.test_check_canonical_filenames.CheckCanonicalFilenames.test_check_canonical_filenames(): OK
bakery_lint.tests.downstream.test_check_canonical_weights.CheckCanonicalWeights.test_check_canonical_weights(): OK
bakery_lint.tests.downstream.test_check_canonical_weights.CheckPostScriptNameMatchesWeight.test_postscriptname_contains_correct_weight(): OK
bakery_lint.tests.downstream.test_check_canonical_weights.CheckFontWeightSameAsInMetadata.test_font_weight_same_as_in_metadata(): OK
bakery_lint.tests.downstream.test_check_canonical_weights.CheckFullNameEqualCanonicalName.test_metadata_contains_current_font(): OK
bakery_lint.tests.downstream.test_metadata_font_copyright.CheckMetadataContainsReservedFontName.test_copyright_contains_correct_rfn(): OK
bakery_lint.tests.downstream.test_metadata_font_copyright.CheckMetadataContainsReservedFontName.test_copyright_is_consistent_across_family(): OK
bakery_lint.tests.downstream.test_metadata_font_copyright.CheckMetadataContainsReservedFontName.test_copyright_matches_pattern(): OK
bakery_lint.tests.downstream.test_metadata_font_copyright.CheckMetadataContainsReservedFontName.test_metadata_copyright_size(): OK
bakery_lint.tests.downstream.test_check_canonical_styles.CheckCanonicalStyles.test_check_canonical_styles(): OK
bakery_lint.tests.downstream.test_check_menu_contains_proper_glyphs.CheckMenuSubsetContainsProperGlyphs.test_check_menu_contains_proper_glyphs(): OK
bakery_lint.tests.downstream.test_check_text_files_exist.CheckTextFilesExist.test_copyrighttxt_exists(): FAIL
bakery_lint.tests.downstream.test_check_text_files_exist.CheckTextFilesExist.test_description_exists(): OK
bakery_lint.tests.downstream.test_check_text_files_exist.CheckTextFilesExist.test_fontlogtxt_exists(): OK
bakery_lint.tests.downstream.test_check_text_files_exist.CheckTextFilesExist.test_licensetxt_exists(): FAIL
bakery_lint.tests.downstream.test_check_metadata_matches_nametable.CheckMetadataMatchesNameTable.test_check_metadata_matches_nametable(): OK
bakery_lint.tests.downstream.test_check_files_menu_agreements.CheckFontsMenuAgreements.test_menu_file_agreement(): OK
bakery_lint.tests.downstream.test_check_metadata_fields.CheckMetadataFields.test_check_metadata_fields(): OK
bakery_lint.tests.downstream.test_check_subsets_exists.CheckSubsetsExist.test_check_subsets_exists(): FAIL
bakery_lint.tests.downstream.test_check_metadata_style_matches_names.CheckItalicStyleMatchesMacStyle.test_check_italic_style_matches_names(): FAIL
bakery_lint.tests.downstream.test_check_metadata_style_matches_names.CheckNormalStyleMatchesMacStyle.test_check_normal_style_matches_names(): OK
bakery_lint.tests.downstream.test_metadata_agreements.TestFontOnDiskFamilyEqualToMetadataJSON.test_font_on_disk_family_equal_in_metadata_json(): OK
bakery_lint.tests.downstream.test_metadata_agreements.TestPostScriptNameInMetadataEqualFontOnDisk.test_postscriptname_in_metadata_equal_to_font_on_disk(): OK
bakery_lint.tests.downstream.test_metadata_agreements.CheckMetadataAgreements.test_font_name_matches_family(): OK
bakery_lint.tests.downstream.test_metadata_agreements.CheckMetadataAgreements.test_metadata_family_values_are_all_the_same(): OK
bakery_lint.tests.downstream.test_metadata_agreements.CheckMetadataAgreements.test_metadata_filename_matches_postscriptname(): OK
bakery_lint.tests.downstream.test_metadata_agreements.CheckMetadataAgreements.test_metadata_font_have_regular(): OK
bakery_lint.tests.downstream.test_metadata_agreements.CheckMetadataAgreements.test_metadata_fonts_fields_have_fontname(): OK
bakery_lint.tests.downstream.test_metadata_agreements.CheckMetadataAgreements.test_metadata_fullname_is_equal_to_internal_font_fullname(): OK
bakery_lint.tests.downstream.test_metadata_agreements.CheckMetadataAgreements.test_metadata_fullname_matches_postScriptName(): FAIL
bakery_lint.tests.downstream.test_metadata_agreements.CheckMetadataAgreements.test_metadata_regular_is_400(): OK
bakery_lint.tests.downstream.test_metadata_agreements.CheckMetadataAgreements.test_metadata_regular_is_normal(): FAIL
bakery_lint.tests.downstream.test_check_font_name_not_in_camelcase.CheckFontNameNotInCamelCase.test_fontname_not_in_camel_case(): OK
bakery_lint.tests.downstream.test_check_monospace_agreements.CheckMonospaceAgreement.test_check_monospace_agreement(): OK
bakery_lint.tests.downstream.test_check_glyph_consistency.CheckGlyphConsistencyInFamily.test_the_same_encodings_of_glyphs_across_family(): OK
bakery_lint.tests.downstream.test_check_glyph_consistency.CheckGlyphConsistencyInFamily.test_the_same_names_of_glyphs_across_family(): FAIL
bakery_lint.tests.downstream.test_check_glyph_consistency.CheckGlyphConsistencyInFamily.test_the_same_number_of_glyphs_across_family(): FAIL
bakery_lint.tests.downstream.test_check_familyname_matches_fontnames.CheckFamilyNameMatchesFontNames.test_check_familyname_matches_fontnames(): OK
{
  "name": "Libre Baskerville", 
  "designer": "Impallari Type", 
  "license": "OFL", 
  "visibility": "Sandbox", 
  "category": "Serif", 
  "size": 59180, 
  "fonts": [
    {
      "name": "Libre Baskerville", 
      "postScriptName": "LibreBaskerville-Regular", 
      "fullName": "Libre Baskerville", 
      "style": "normal", 
      "weight": 400, 
      "filename": "LibreBaskerville-Regular.ttf", 
      "copyright": "Copyright (c) 2012, Pablo Impallari (www.impallari.com|impallari@gmail.com), Copyright (c) 2012, Rodrigo Fuenzalida (www.rfuenzalida.com|hello@rfuenzalida.com), with Reserved Font Name Libre Baskerville."
    }, 
    {
      "name": "Libre Baskerville", 
      "postScriptName": "LibreBaskerville-Italic", 
      "fullName": "Libre Baskerville Italic", 
      "style": "italic", 
      "weight": 400, 
      "filename": "LibreBaskerville-Italic.ttf", 
      "copyright": "Copyright (c) 2012, Pablo Impallari (www.impallari.com|impallari@gmail.com), Copyright (c) 2012, Rodrigo Fuenzalida (www.rfuenzalida.com|hello@rfuenzalida.com), with Reserved Font Name Libre Baskerville."
    }, 
    {
      "name": "Libre Baskerville", 
      "postScriptName": "LibreBaskerville-Bold", 
      "fullName": "Libre Baskerville Bold", 
      "style": "normal", 
      "weight": 700, 
      "filename": "LibreBaskerville-Bold.ttf", 
      "copyright": "Copyright (c) 2012, Pablo Impallari (www.impallari.com|impallari@gmail.com), Copyright (c) 2012, Rodrigo Fuenzalida (www.rfuenzalida.com|hello@rfuenzalida.com), with Reserved Font Name Libre Baskerville."
    }
  ], 
  "subsets": [
    "latin", 
    "menu"
  ], 
  "dateAdded": "2012-11-30"
}
